exports[`test Loading component matches snapshot 1`] = `
<div
  className="Loading">
  Loading ...
</div>
`;
